data: {"choices":[{"delta":{"content":"","role":"assistant"},"finish_reason":null,"index":0}],"id":"chatcmpl-GOLDEN","model":"claude-opus-4-6","object":"chat.completion.chunk"}

data: {"choices":[{"delta":{"content":"Checking"},"finish_reason":null,"index":0}],"id":"chatcmpl-GOLDEN","model":"claude-opus-4-6","object":"chat.completion.chunk"}

data: {"choices":[{"delta":{"content":" both cities."},"finish_reason":null,"index":0}],"id":"chatcmpl-GOLDEN","model":"claude-opus-4-6","object":"chat.completion.chunk"}

data: {"choices":[{"delta":{"tool_calls":[{"function":{"arguments":"","name":"get_weather"},"id":"toolu_01AA","index":0,"type":"function"}]},"finish_reason":null,"index":0}],"id":"chatcmpl-GOLDEN","model":"claude-opus-4-6","object":"chat.completion.chunk"}

data: {"choices":[{"delta":{"tool_calls":[{"function":{"arguments":"{\"city\":"},"index":0}]},"finish_reason":null,"index":0}],"id":"chatcmpl-GOLDEN","model":"claude-opus-4-6","object":"chat.completion.chunk"}

data: {"choices":[{"delta":{"tool_calls":[{"function":{"arguments":"\"Hanoi\"}"},"index":0}]},"finish_reason":null,"index":0}],"id":"chatcmpl-GOLDEN","model":"claude-opus-4-6","object":"chat.completion.chunk"}

data: {"choices":[{"delta":{"tool_calls":[{"function":{"arguments":"","name":"get_time"},"id":"toolu_01BB","index":1,"type":"function"}]},"finish_reason":null,"index":0}],"id":"chatcmpl-GOLDEN","model":"claude-opus-4-6","object":"chat.completion.chunk"}

data: {"choices":[{"delta":{"tool_calls":[{"function":{"arguments":"{\"tz\":\"ICT\"}"},"index":1}]},"finish_reason":null,"index":0}],"id":"chatcmpl-GOLDEN","model":"claude-opus-4-6","object":"chat.completion.chunk"}

data: {"choices":[{"delta":{},"finish_reason":"tool_calls","index":0}],"id":"chatcmpl-GOLDEN","model":"claude-opus-4-6","object":"chat.completion.chunk"}

data: {"choices":[],"id":"chatcmpl-GOLDEN","model":"claude-opus-4-6","object":"chat.completion.chunk","usage":{"completion_tokens":57,"prompt_tokens":42,"prompt_tokens_details":{"cached_tokens":12},"total_tokens":99}}

data: [DONE]

