data: {"response":{"id":"resp_GOLDEN","model":"claude-opus-4-6","object":"response","output":[],"status":"in_progress"},"sequence_number":0,"type":"response.created"}

data: {"response":{"id":"resp_GOLDEN","model":"claude-opus-4-6","object":"response","output":[],"status":"in_progress"},"sequence_number":1,"type":"response.in_progress"}

data: {"item":{"content":[],"id":"msg_ITEM0","role":"assistant","status":"in_progress","type":"message"},"output_index":0,"sequence_number":2,"type":"response.output_item.added"}

data: {"content_index":0,"item_id":"msg_ITEM0","output_index":0,"part":{"text":"","type":"output_text"},"sequence_number":3,"type":"response.content_part.added"}

data: {"content_index":0,"delta":"Checking","item_id":"msg_ITEM0","output_index":0,"sequence_number":4,"type":"response.output_text.delta"}

data: {"content_index":0,"delta":" both cities.","item_id":"msg_ITEM0","output_index":0,"sequence_number":5,"type":"response.output_text.delta"}

data: {"content_index":0,"item_id":"msg_ITEM0","output_index":0,"sequence_number":6,"text":"Checking both cities.","type":"response.output_text.done"}

data: {"content_index":0,"item_id":"msg_ITEM0","output_index":0,"part":{"text":"Checking both cities.","type":"output_text"},"sequence_number":7,"type":"response.content_part.done"}

data: {"item":{"content":[{"text":"Checking both cities.","type":"output_text"}],"id":"msg_ITEM0","role":"assistant","status":"completed","type":"message"},"output_index":0,"sequence_number":8,"type":"response.output_item.done"}

data: {"item":{"arguments":"","call_id":"toolu_01AA","id":"fc_ITEM1","name":"get_weather","status":"in_progress","type":"function_call"},"output_index":1,"sequence_number":9,"type":"response.output_item.added"}

data: {"delta":"{\"city\":","item_id":"fc_ITEM1","output_index":1,"sequence_number":10,"type":"response.function_call_arguments.delta"}

data: {"delta":"\"Hanoi\"}","item_id":"fc_ITEM1","output_index":1,"sequence_number":11,"type":"response.function_call_arguments.delta"}

data: {"arguments":"{\"city\":\"Hanoi\"}","item_id":"fc_ITEM1","output_index":1,"sequence_number":12,"type":"response.function_call_arguments.done"}

data: {"item":{"arguments":"{\"city\":\"Hanoi\"}","call_id":"toolu_01AA","id":"fc_ITEM1","name":"get_weather","status":"completed","type":"function_call"},"output_index":1,"sequence_number":13,"type":"response.output_item.done"}

data: {"item":{"arguments":"","call_id":"toolu_01BB","id":"fc_ITEM2","name":"get_time","status":"in_progress","type":"function_call"},"output_index":2,"sequence_number":14,"type":"response.output_item.added"}

data: {"delta":"{\"tz\":\"ICT\"}","item_id":"fc_ITEM2","output_index":2,"sequence_number":15,"type":"response.function_call_arguments.delta"}

data: {"arguments":"{\"tz\":\"ICT\"}","item_id":"fc_ITEM2","output_index":2,"sequence_number":16,"type":"response.function_call_arguments.done"}

data: {"item":{"arguments":"{\"tz\":\"ICT\"}","call_id":"toolu_01BB","id":"fc_ITEM2","name":"get_time","status":"completed","type":"function_call"},"output_index":2,"sequence_number":17,"type":"response.output_item.done"}

data: {"item":{"arguments":"","call_id":"toolu_01CC","id":"fc_ITEM3","name":"get_server_status","status":"in_progress","type":"function_call"},"output_index":3,"sequence_number":18,"type":"response.output_item.added"}

data: {"arguments":"{}","item_id":"fc_ITEM3","output_index":3,"sequence_number":19,"type":"response.function_call_arguments.done"}

data: {"item":{"arguments":"{}","call_id":"toolu_01CC","id":"fc_ITEM3","name":"get_server_status","status":"completed","type":"function_call"},"output_index":3,"sequence_number":20,"type":"response.output_item.done"}

data: {"item":{"arguments":"","call_id":"toolu_01DD","id":"fc_ITEM4","name":"shell","status":"in_progress","type":"function_call"},"output_index":4,"sequence_number":21,"type":"response.output_item.added"}

data: {"arguments":"{\"command\":[\"pwsh\",\"-Command\",\"ls\"],\"timeout_ms\":5000}","item_id":"fc_ITEM4","output_index":4,"sequence_number":22,"type":"response.function_call_arguments.done"}

data: {"item":{"arguments":"{\"command\":[\"pwsh\",\"-Command\",\"ls\"],\"timeout_ms\":5000}","call_id":"toolu_01DD","id":"fc_ITEM4","name":"shell","status":"completed","type":"function_call"},"output_index":4,"sequence_number":23,"type":"response.output_item.done"}

data: {"response":{"id":"resp_GOLDEN","model":"claude-opus-4-6","object":"response","output":[{"content":[{"text":"Checking both cities.","type":"output_text"}],"id":"msg_ITEM0","role":"assistant","status":"completed","type":"message"},{"arguments":"{\"city\":\"Hanoi\"}","call_id":"toolu_01AA","id":"fc_ITEM1","name":"get_weather","status":"completed","type":"function_call"},{"arguments":"{\"tz\":\"ICT\"}","call_id":"toolu_01BB","id":"fc_ITEM2","name":"get_time","status":"completed","type":"function_call"},{"arguments":"{}","call_id":"toolu_01CC","id":"fc_ITEM3","name":"get_server_status","status":"completed","type":"function_call"},{"arguments":"{\"command\":[\"pwsh\",\"-Command\",\"ls\"],\"timeout_ms\":5000}","call_id":"toolu_01DD","id":"fc_ITEM4","name":"shell","status":"completed","type":"function_call"}],"status":"completed","usage":{"input_tokens":42,"input_tokens_details":{"cached_tokens":12},"output_tokens":57,"total_tokens":99}},"sequence_number":24,"type":"response.completed"}

